  Ball.cpp
  Breakout.cpp
  Brick.cpp
  GameManager.cpp
D:\SAE_Uni\C++\Breakout\Breakout\Breakout.cpp(5,28): error C2280: 'GameManager::GameManager(void)': attempting to reference a deleted function
      D:\SAE_Uni\C++\Breakout\Breakout\GameManager.h(24,1):
      compiler has generated 'GameManager::GameManager' here
      D:\SAE_Uni\C++\Breakout\Breakout\GameManager.h(24,1):
      'GameManager::GameManager(void)': function was implicitly deleted because a data member 'GameManager::m_player' has either no appropriate default constructor or overload resolution was ambiguous
      D:\SAE_Uni\C++\Breakout\Breakout\GameManager.h(19,9):
      see declaration of 'GameManager::m_player'
  
D:\SAE_Uni\C++\Breakout\Breakout\Brick.cpp(3,8): error C2511: 'Brick::Brick(void)': overloaded member function not found in 'Brick'
      D:\SAE_Uni\C++\Breakout\Breakout\Brick.h(3,7):
      see declaration of 'Brick'
  
D:\SAE_Uni\C++\Breakout\Breakout\GameManager.cpp(9,14): error C2280: 'Player &Player::operator =(const Player &)': attempting to reference a deleted function
      D:\SAE_Uni\C++\Breakout\Breakout\Player.h(19,1):
      compiler has generated 'Player::operator =' here
      D:\SAE_Uni\C++\Breakout\Breakout\Player.h(19,1):
      'Player &Player::operator =(const Player &)': function was implicitly deleted because 'Player' has a data member 'Player::M_HALFSCREEN' of const-qualified non-class type
      D:\SAE_Uni\C++\Breakout\Breakout\Player.h(12,12):
      see declaration of 'Player::M_HALFSCREEN'
  
  Player.cpp
  Generating Code...
